# serializer version: 1
# name: test_hello
  'Hello from snapshot-testing-in-python!'
# ---
