{
  "name": "Mormor Karl",
  "timestamp": "int"
}
